2026-04-05 18:57:08,133 - core.combined_invoice_view - INFO - POST data received: <QueryDict: {'csrfmiddlewaretoken': ['9dk4rL1qoJrgfwGs4mgt8yjcVX5Il8yGDMRnf2FbtEjbdWX0IjthVDkzGOVxZnFf'], 'invoice_no': ['123'], 'invoice_date': ['2013-04-05'], 'supplierid': ['1'], 'transport_charges': ['0'], 'invoice_total': ['1.05'], 'roundoff_amount': ['0.05'], 'roundoff_type': ['deducted'], 'products_data': ['[{"productid":"281","batch_no":"1223","expiry":"12-2020","mrp":"1","purchase_rate":"1","quantity":"1","free_qty":"1","scheme":"0","discount":"0","cgst":"2.5","sgst":"2.5","calculation_mode":"flat","rate_a":"1","rate_b":"2","rate_c":"3","from_challan":false,"challan_no":"","challan_date":""}]'], 'is_from_challan': ['false']}>
2026-04-05 18:57:08,154 - core.combined_invoice_view - INFO - Products data received: [{"productid":"281","batch_no":"1223","expiry":"12-2020","mrp":"1","purchase_rate":"1","quantity":"1","free_qty":"1","scheme":"0","discount":"0","cgst":"2.5","sgst":"2.5","calculation_mode":"flat","rate_a":"1","rate_b":"2","rate_c":"3","from_challan":false,"challan_no":"","challan_date":""}]
2026-04-05 18:57:08,154 - core.combined_invoice_view - INFO - Challan flag: false
2026-04-05 18:57:08,164 - core.combined_invoice_view - INFO - Invoice created with ID: 134989
2026-04-05 18:57:08,288 - core.combined_invoice_view - INFO - Challan data received: challan_no=, challan_date=
2026-04-05 18:57:08,288 - core.combined_invoice_view - INFO - Setting rates for AZAUK 200 SUSP 15 ML: A=1.0, B=2.0, C=3.0
2026-04-05 18:57:08,289 - core.combined_invoice_view - INFO - Product AZAUK 200 SUSP 15 ML: Base=1.0, CGST=0.03, SGST=0.03, Total=1.06
2026-04-05 18:57:08,649 - core.combined_invoice_view - INFO - Product AZAUK 200 SUSP 15 ML added to invoice
2026-04-05 18:57:08,650 - core.combined_invoice_view - INFO - PURCHASE CREATED: AZAUK 200 SUSP 15 ML, Batch: 1223, Qty: 1.0, Free Qty: 1.0
2026-04-05 18:57:08,663 - core.combined_invoice_view - INFO - Saved invoice: Total=1.05, RoundOff=0.05 (deducted)
2026-04-05 18:57:08,664 - core.combined_invoice_view - INFO - Invoice 123 created successfully with 1 products
2026-04-06 12:32:31,763 - core.combined_invoice_view - INFO - POST data received: <QueryDict: {'csrfmiddlewaretoken': ['5gqqRYtMa40wcIwCyeX77ESK41tNDg5LcPngBsuGLIDUmiesVBU7JPPRf4Ldqcoa'], 'invoice_no': ['12345'], 'invoice_date': ['2012-07-06'], 'supplierid': ['1'], 'transport_charges': ['0'], 'invoice_total': ['1.05'], 'roundoff_amount': ['0.05'], 'roundoff_type': ['deducted'], 'products_data': ['[{"productid":"254","batch_no":"2345","expiry":"12-2020","mrp":"1","purchase_rate":"1","quantity":"1","free_qty":"1","scheme":"0","discount":"0","cgst":"2.5","sgst":"2.5","calculation_mode":"flat","rate_a":"1","rate_b":"2","rate_c":"3","from_challan":false,"challan_no":"","challan_date":""}]'], 'is_from_challan': ['false']}>
2026-04-06 12:32:31,781 - core.combined_invoice_view - INFO - Products data received: [{"productid":"254","batch_no":"2345","expiry":"12-2020","mrp":"1","purchase_rate":"1","quantity":"1","free_qty":"1","scheme":"0","discount":"0","cgst":"2.5","sgst":"2.5","calculation_mode":"flat","rate_a":"1","rate_b":"2","rate_c":"3","from_challan":false,"challan_no":"","challan_date":""}]
2026-04-06 12:32:31,783 - core.combined_invoice_view - INFO - Challan flag: false
2026-04-06 12:32:31,789 - core.combined_invoice_view - INFO - Invoice created with ID: 134990
2026-04-06 12:32:31,969 - core.combined_invoice_view - INFO - Challan data received: challan_no=, challan_date=
2026-04-06 12:32:31,970 - core.combined_invoice_view - INFO - Setting rates for ASITUSS-A SYP 100ML: A=1.0, B=2.0, C=3.0
2026-04-06 12:32:31,971 - core.combined_invoice_view - INFO - Product ASITUSS-A SYP 100ML: Base=1.0, CGST=0.03, SGST=0.03, Total=1.06
2026-04-06 12:32:32,072 - core.combined_invoice_view - INFO - Product ASITUSS-A SYP 100ML added to invoice
2026-04-06 12:32:32,073 - core.combined_invoice_view - INFO - PURCHASE CREATED: ASITUSS-A SYP 100ML, Batch: 2345, Qty: 1.0, Free Qty: 1.0
2026-04-06 12:32:32,087 - core.combined_invoice_view - INFO - Saved invoice: Total=1.05, RoundOff=0.05 (deducted)
2026-04-06 12:32:32,088 - core.combined_invoice_view - INFO - Invoice 12345 created successfully with 1 products
2026-04-06 19:36:37,981 - core.combined_invoice_view - INFO - POST data received: <QueryDict: {'csrfmiddlewaretoken': ['h4HZADVbSymC7Ci1rDAwfUGABhdQXNTGMCKlbSCzW2aKJ5etwfPOGU08eCUTbrK7'], 'invoice_no': ['22424'], 'invoice_date': ['2026-04-06'], 'supplierid': ['1'], 'transport_charges': ['0'], 'invoice_total': ['2.10'], 'roundoff_amount': ['0.10'], 'roundoff_type': ['deducted'], 'products_data': ['[{"productid":"2","batch_no":"1232","expiry":"12-2034","mrp":"1","purchase_rate":"2","quantity":"1","free_qty":"1","scheme":"0","discount":"0","cgst":"2.5","sgst":"2.5","calculation_mode":"flat","rate_a":"1","rate_b":"2","rate_c":"3","from_challan":true,"challan_no":"112","challan_date":"23-03-2026"}]'], 'is_from_challan': ['true']}>
2026-04-06 19:36:37,998 - core.combined_invoice_view - INFO - Products data received: [{"productid":"2","batch_no":"1232","expiry":"12-2034","mrp":"1","purchase_rate":"2","quantity":"1","free_qty":"1","scheme":"0","discount":"0","cgst":"2.5","sgst":"2.5","calculation_mode":"flat","rate_a":"1","rate_b":"2","rate_c":"3","from_challan":true,"challan_no":"112","challan_date":"23-03-2026"}]
2026-04-06 19:36:38,001 - core.combined_invoice_view - INFO - Challan flag: true
2026-04-06 19:36:38,009 - core.combined_invoice_view - INFO - Invoice created with ID: 134991
2026-04-06 19:36:38,017 - core.combined_invoice_view - INFO - Challan data received: challan_no=112, challan_date=23-03-2026
2026-04-06 19:36:38,022 - core.combined_invoice_view - INFO - Set source_challan_no: 112
2026-04-06 19:36:38,024 - core.combined_invoice_view - INFO - Set source_challan_date: 2026-03-23
2026-04-06 19:36:38,025 - core.combined_invoice_view - INFO - Setting rates for 1ST AID TRANSPORE TAPE .5"": A=1.0, B=2.0, C=3.0
2026-04-06 19:36:38,026 - core.combined_invoice_view - INFO - Product 1ST AID TRANSPORE TAPE .5"": Base=2.0, CGST=0.05, SGST=0.05, Total=2.1
2026-04-06 19:36:38,113 - core.combined_invoice_view - INFO - Product 1ST AID TRANSPORE TAPE .5"" added to invoice
2026-04-06 19:36:38,114 - core.combined_invoice_view - INFO - PURCHASE CREATED: 1ST AID TRANSPORE TAPE .5"", Batch: 1232, Qty: 1.0, Free Qty: 1.0
2026-04-06 19:36:38,123 - core.combined_invoice_view - INFO - Saved invoice: Total=2.1, RoundOff=0.1 (deducted)
2026-04-06 19:36:38,249 - core.combined_invoice_view - INFO - Moved challan entry to SupplierChallanMaster2: 1ST AID TRANSPORE TAPE .5"" - 1232
2026-04-06 19:36:38,250 - core.combined_invoice_view - INFO - Total 1 challan entries moved to SupplierChallanMaster2
2026-04-06 19:36:38,250 - core.combined_invoice_view - INFO - Invoice 22424 created successfully with 1 products
2026-04-10 17:16:21,093 - core.combined_invoice_view - INFO - POST data received: <QueryDict: {'csrfmiddlewaretoken': ['7bFAbSrxo6fToroEyupBylBEn85orVGp6kJDhufsDeborOW893uGT00gMRgjThaE'], 'invoice_no': ['14535'], 'invoice_date': ['2026-04-10'], 'supplierid': ['1'], 'transport_charges': ['0'], 'invoice_total': ['1.05'], 'roundoff_amount': ['0.05'], 'roundoff_type': ['deducted'], 'products_data': ['[{"productid":"164","batch_no":"24","expiry":"12-2020","mrp":"1","purchase_rate":"1","quantity":"1","free_qty":"1","scheme":"0","discount":"0","cgst":"2.5","sgst":"2.5","calculation_mode":"flat","rate_a":"1","rate_b":"3","rate_c":"3","from_challan":false,"challan_no":"","challan_date":""}]'], 'is_from_challan': ['false']}>
2026-04-10 17:16:21,116 - core.combined_invoice_view - INFO - Products data received: [{"productid":"164","batch_no":"24","expiry":"12-2020","mrp":"1","purchase_rate":"1","quantity":"1","free_qty":"1","scheme":"0","discount":"0","cgst":"2.5","sgst":"2.5","calculation_mode":"flat","rate_a":"1","rate_b":"3","rate_c":"3","from_challan":false,"challan_no":"","challan_date":""}]
2026-04-10 17:16:21,117 - core.combined_invoice_view - INFO - Challan flag: false
2026-04-10 17:16:21,123 - core.combined_invoice_view - INFO - Invoice created with ID: 134992
2026-04-10 17:16:21,295 - core.combined_invoice_view - INFO - Challan data received: challan_no=, challan_date=
2026-04-10 17:16:21,295 - core.combined_invoice_view - INFO - Setting rates for AMALZOL IV INJ 1: A=1.0, B=3.0, C=3.0
2026-04-10 17:16:21,297 - core.combined_invoice_view - INFO - Product AMALZOL IV INJ 1: Base=1.0, CGST=0.03, SGST=0.03, Total=1.06
2026-04-10 17:16:21,418 - core.combined_invoice_view - INFO - Product AMALZOL IV INJ 1 added to invoice
2026-04-10 17:16:21,419 - core.combined_invoice_view - INFO - PURCHASE CREATED: AMALZOL IV INJ 1, Batch: 24, Qty: 1.0, Free Qty: 1.0
2026-04-10 17:16:21,434 - core.combined_invoice_view - INFO - Saved invoice: Total=1.05, RoundOff=0.05 (deducted)
2026-04-10 17:16:21,434 - core.combined_invoice_view - INFO - Invoice 14535 created successfully with 1 products
2026-04-11 18:03:21,267 - core.combined_invoice_view - INFO - POST data received: <QueryDict: {'csrfmiddlewaretoken': ['spQGqC29lWahAFVSLvrs0W6LanWRRVKX3V246VwvKefkjCmjXexsgC5ATkRF58Rq'], 'invoice_no': ['123'], 'invoice_date': ['2026-04-11'], 'supplierid': ['1'], 'transport_charges': ['0'], 'invoice_total': ['1.05'], 'roundoff_amount': ['0.05'], 'roundoff_type': ['deducted'], 'products_data': ['[{"productid":"2","batch_no":"123","expiry":"12-2034","mrp":"1","purchase_rate":"1","quantity":"1","free_qty":"1","scheme":"0","discount":"0","cgst":"2.5","sgst":"2.5","calculation_mode":"flat","rate_a":"1","rate_b":"2","rate_c":"3","from_challan":false,"challan_no":"","challan_date":""}]'], 'is_from_challan': ['false']}>
2026-04-11 18:03:21,396 - core.combined_invoice_view - ERROR - Invoice form validation errors: <ul class="errorlist"><li>__all__<ul class="errorlist nonfield"><li>Invoice master with this Invoice no and Supplierid already exists.</li></ul></li></ul>
2026-04-13 12:27:36,860 - core.combined_invoice_view - INFO - POST data received: <QueryDict: {'csrfmiddlewaretoken': ['W3ObJwP3UZYSgyQ896GKr0gLhy2HBtYj0gkvSjEnpx1RcT1aggQ1wHbeqPKBSTS9'], 'invoice_no': ['12333'], 'invoice_date': ['2012-04-13'], 'supplierid': ['1'], 'transport_charges': ['0'], 'invoice_total': ['1.05'], 'roundoff_amount': ['0.05'], 'roundoff_type': ['deducted'], 'products_data': ['[{"productid":"2","batch_no":"1234","expiry":"12-2034","mrp":"1","purchase_rate":"1","quantity":"1","free_qty":"1","scheme":"0","discount":"0","cgst":"2.5","sgst":"2.5","calculation_mode":"flat","rate_a":"1","rate_b":"2","rate_c":"3","from_challan":false,"challan_no":"","challan_date":""}]'], 'is_from_challan': ['false']}>
2026-04-13 12:27:36,873 - core.combined_invoice_view - INFO - Products data received: [{"productid":"2","batch_no":"1234","expiry":"12-2034","mrp":"1","purchase_rate":"1","quantity":"1","free_qty":"1","scheme":"0","discount":"0","cgst":"2.5","sgst":"2.5","calculation_mode":"flat","rate_a":"1","rate_b":"2","rate_c":"3","from_challan":false,"challan_no":"","challan_date":""}]
2026-04-13 12:27:36,874 - core.combined_invoice_view - INFO - Challan flag: false
2026-04-13 12:27:36,882 - core.combined_invoice_view - INFO - Invoice created with ID: 134993
2026-04-13 12:27:36,887 - core.combined_invoice_view - INFO - Challan data received: challan_no=, challan_date=
2026-04-13 12:27:36,888 - core.combined_invoice_view - INFO - Setting rates for 1ST AID TRANSPORE TAPE .5"": A=1.0, B=2.0, C=3.0
2026-04-13 12:27:36,889 - core.combined_invoice_view - INFO - Product 1ST AID TRANSPORE TAPE .5"": Base=1.0, CGST=0.03, SGST=0.03, Total=1.06
2026-04-13 12:27:36,973 - core.combined_invoice_view - INFO - Product 1ST AID TRANSPORE TAPE .5"" added to invoice
2026-04-13 12:27:36,974 - core.combined_invoice_view - INFO - PURCHASE CREATED: 1ST AID TRANSPORE TAPE .5"", Batch: 1234, Qty: 1.0, Free Qty: 1.0
2026-04-13 12:27:36,985 - core.combined_invoice_view - INFO - Saved invoice: Total=1.05, RoundOff=0.05 (deducted)
2026-04-13 12:27:36,986 - core.combined_invoice_view - INFO - Invoice 12333 created successfully with 1 products
2026-04-15 13:55:32,155 - core.combined_invoice_view - INFO - POST data received: <QueryDict: {'csrfmiddlewaretoken': ['OIkMHVdupuRY5wV90RuNjNEWfyRR8zcdIFmnHIhz9aJCtg0aDCxlSoL7yTc4k6Q1'], 'invoice_no': ['13567'], 'invoice_date': ['2012-04-15'], 'supplierid': ['1'], 'transport_charges': ['0'], 'invoice_total': ['1.05'], 'roundoff_amount': ['0.05'], 'roundoff_type': ['deducted'], 'products_data': ['[{"productid":"2","batch_no":"465","expiry":"12-2012","mrp":"1","purchase_rate":"1","quantity":"1","free_qty":"1","scheme":"0","discount":"0","cgst":"2.5","sgst":"2.5","calculation_mode":"flat","rate_a":"1","rate_b":"2","rate_c":"3","from_challan":false,"challan_no":"","challan_date":""}]'], 'is_from_challan': ['false']}>
2026-04-15 13:55:32,174 - core.combined_invoice_view - INFO - Products data received: [{"productid":"2","batch_no":"465","expiry":"12-2012","mrp":"1","purchase_rate":"1","quantity":"1","free_qty":"1","scheme":"0","discount":"0","cgst":"2.5","sgst":"2.5","calculation_mode":"flat","rate_a":"1","rate_b":"2","rate_c":"3","from_challan":false,"challan_no":"","challan_date":""}]
2026-04-15 13:55:32,175 - core.combined_invoice_view - INFO - Challan flag: false
2026-04-15 13:55:32,186 - core.combined_invoice_view - INFO - Invoice created with ID: 134994
2026-04-15 13:55:32,308 - core.combined_invoice_view - INFO - Challan data received: challan_no=, challan_date=
2026-04-15 13:55:32,308 - core.combined_invoice_view - INFO - Setting rates for 1ST AID TRANSPORE TAPE .5"": A=1.0, B=2.0, C=3.0
2026-04-15 13:55:32,309 - core.combined_invoice_view - INFO - Product 1ST AID TRANSPORE TAPE .5"": Base=1.0, CGST=0.03, SGST=0.03, Total=1.06
2026-04-15 13:55:32,578 - core.combined_invoice_view - INFO - Product 1ST AID TRANSPORE TAPE .5"" added to invoice
2026-04-15 13:55:32,579 - core.combined_invoice_view - INFO - PURCHASE CREATED: 1ST AID TRANSPORE TAPE .5"", Batch: 465, Qty: 1.0, Free Qty: 1.0
2026-04-15 13:55:32,591 - core.combined_invoice_view - INFO - Saved invoice: Total=1.05, RoundOff=0.05 (deducted)
2026-04-15 13:55:32,591 - core.combined_invoice_view - INFO - Invoice 13567 created successfully with 1 products
2026-04-16 10:56:01,746 - core.combined_invoice_view - INFO - POST data received: <QueryDict: {'csrfmiddlewaretoken': ['y9MYpSYiqZBMPynrQ8gkwZjeXEDrVU5uqNYOYPN7ehpnKHRAgRg4oFtO026el6Sh'], 'invoice_no': ['1453647'], 'invoice_date': ['2026-04-16'], 'supplierid': ['1'], 'transport_charges': ['0'], 'invoice_total': ['1.05'], 'products_data': ['[{"productid":"2","batch_no":"32435","expiry":"12-2012","mrp":"1","purchase_rate":"1","quantity":"1","free_qty":"1","scheme":"0","discount":"0","cgst":"2.5","sgst":"2.5","calculation_mode":"flat","rate_a":"1","rate_b":"2","rate_c":"3","from_challan":false,"challan_no":"","challan_date":""}]'], 'is_from_challan': ['false']}>
2026-04-16 10:56:01,759 - core.combined_invoice_view - INFO - Products data received: [{"productid":"2","batch_no":"32435","expiry":"12-2012","mrp":"1","purchase_rate":"1","quantity":"1","free_qty":"1","scheme":"0","discount":"0","cgst":"2.5","sgst":"2.5","calculation_mode":"flat","rate_a":"1","rate_b":"2","rate_c":"3","from_challan":false,"challan_no":"","challan_date":""}]
2026-04-16 10:56:01,760 - core.combined_invoice_view - INFO - Challan flag: false
2026-04-16 10:56:01,765 - core.combined_invoice_view - INFO - Invoice created with ID: 134995
2026-04-16 10:56:01,769 - core.combined_invoice_view - INFO - Challan data received: challan_no=, challan_date=
2026-04-16 10:56:01,771 - core.combined_invoice_view - INFO - Setting rates for 1ST AID TRANSPORE TAPE .5"": A=1.0, B=2.0, C=3.0
2026-04-16 10:56:01,772 - core.combined_invoice_view - INFO - Product 1ST AID TRANSPORE TAPE .5"": Base=1.0, CGST=0.03, SGST=0.03, Total=1.06
2026-04-16 10:56:01,870 - core.combined_invoice_view - INFO - Product 1ST AID TRANSPORE TAPE .5"" added to invoice
2026-04-16 10:56:01,871 - core.combined_invoice_view - INFO - PURCHASE CREATED: 1ST AID TRANSPORE TAPE .5"", Batch: 32435, Qty: 1.0, Free Qty: 1.0
2026-04-16 10:56:01,881 - core.combined_invoice_view - INFO - Saved invoice: Total=1.05, RoundOff=0.0 (added)
2026-04-16 10:56:01,881 - core.combined_invoice_view - INFO - Invoice 1453647 created successfully with 1 products
2026-04-27 10:08:40,228 - core.combined_invoice_view - INFO - POST data received: <QueryDict: {'csrfmiddlewaretoken': ['jnuYUoKCbKr8g18DaVGNbFxTatlbRa8GsedJhO3Kl1mUVwskoblEnjT7zSubQ5UE'], 'invoice_no': ['q453'], 'invoice_date': ['2026-04-27'], 'supplierid': ['1'], 'transport_charges': ['0'], 'invoice_total': ['1.05'], 'products_data': ['[{"productid":"254","batch_no":"132","expiry":"12-2012","mrp":"1","purchase_rate":"1","quantity":"1","free_qty":"0","scheme":"0","discount":"0","cgst":"2.5","sgst":"2.5","calculation_mode":"flat","rate_a":"1","rate_b":"2","rate_c":"3","from_challan":false,"challan_no":"","challan_date":""}]'], 'is_from_challan': ['false']}>
2026-04-27 10:08:40,243 - core.combined_invoice_view - INFO - Products data received: [{"productid":"254","batch_no":"132","expiry":"12-2012","mrp":"1","purchase_rate":"1","quantity":"1","free_qty":"0","scheme":"0","discount":"0","cgst":"2.5","sgst":"2.5","calculation_mode":"flat","rate_a":"1","rate_b":"2","rate_c":"3","from_challan":false,"challan_no":"","challan_date":""}]
2026-04-27 10:08:40,244 - core.combined_invoice_view - INFO - Challan flag: false
2026-04-27 10:08:40,250 - core.combined_invoice_view - INFO - Invoice created with ID: 134996
2026-04-27 10:08:40,256 - core.combined_invoice_view - INFO - Challan data received: challan_no=, challan_date=
2026-04-27 10:08:40,256 - core.combined_invoice_view - INFO - Setting rates for ASITUSS-A SYP 100ML: A=1.0, B=2.0, C=3.0
2026-04-27 10:08:40,257 - core.combined_invoice_view - INFO - Product ASITUSS-A SYP 100ML: Base=1.0, CGST=0.03, SGST=0.03, Total=1.06
2026-04-27 10:08:40,655 - core.combined_invoice_view - INFO - Product ASITUSS-A SYP 100ML added to invoice
2026-04-27 10:08:40,655 - core.combined_invoice_view - INFO - PURCHASE CREATED: ASITUSS-A SYP 100ML, Batch: 132, Qty: 1.0, Free Qty: 0.0
2026-04-27 10:08:40,665 - core.combined_invoice_view - INFO - Saved invoice: Total=1.05, RoundOff=0.0 (added)
2026-04-27 10:08:40,666 - core.combined_invoice_view - INFO - Invoice q453 created successfully with 1 products
2026-04-29 13:57:05,190 - core.combined_invoice_view - INFO - POST data received: <QueryDict: {'csrfmiddlewaretoken': ['NyJPOI0nrvUJCk1ZNMdCd3JDIsRSZU9Y6klHexyvBDRhJbSFJ9F6waWZOdrdDg0w'], 'invoice_no': ['2121'], 'invoice_date': ['2026-04-29'], 'supplierid': ['1'], 'transport_charges': ['0'], 'invoice_total': ['1.00'], 'products_data': ['[{"productid":"2","batch_no":"1234","expiry":"12-2012","mrp":"1","purchase_rate":"1","quantity":"1","free_qty":"1","scheme":"0","discount":"0","cgst":"0","sgst":"0","calculation_mode":"flat","rate_a":"1","rate_b":"3","rate_c":"3","from_challan":false,"challan_no":"","challan_date":""}]'], 'is_from_challan': ['false']}>
2026-04-29 13:57:05,207 - core.combined_invoice_view - INFO - Products data received: [{"productid":"2","batch_no":"1234","expiry":"12-2012","mrp":"1","purchase_rate":"1","quantity":"1","free_qty":"1","scheme":"0","discount":"0","cgst":"0","sgst":"0","calculation_mode":"flat","rate_a":"1","rate_b":"3","rate_c":"3","from_challan":false,"challan_no":"","challan_date":""}]
2026-04-29 13:57:05,208 - core.combined_invoice_view - INFO - Challan flag: false
2026-04-29 13:57:05,214 - core.combined_invoice_view - INFO - Invoice created with ID: 134997
2026-04-29 13:57:05,220 - core.combined_invoice_view - INFO - Challan data received: challan_no=, challan_date=
2026-04-29 13:57:05,221 - core.combined_invoice_view - INFO - Setting rates for 1ST AID TRANSPORE TAPE .5"": A=1.0, B=3.0, C=3.0
2026-04-29 13:57:05,222 - core.combined_invoice_view - INFO - Product 1ST AID TRANSPORE TAPE .5"": Base=1.0, CGST=0.0, SGST=0.0, Total=1.0
2026-04-29 13:57:05,357 - core.combined_invoice_view - INFO - Product 1ST AID TRANSPORE TAPE .5"" added to invoice
2026-04-29 13:57:05,358 - core.combined_invoice_view - INFO - PURCHASE CREATED: 1ST AID TRANSPORE TAPE .5"", Batch: 1234, Qty: 1.0, Free Qty: 1.0
2026-04-29 13:57:05,373 - core.combined_invoice_view - INFO - Saved invoice: Total=1.0, RoundOff=0.0 (added)
2026-04-29 13:57:05,375 - core.combined_invoice_view - INFO - Invoice 2121 created successfully with 1 products
2026-04-29 17:19:31,111 - core.combined_invoice_view - INFO - POST data received: <QueryDict: {'csrfmiddlewaretoken': ['GLMzNRbTPO9onPQLSldDtymwWGxBmOE0YCvFr9a7FV9f5x8FHXaYPuSUdMk2nqiz'], 'invoice_no': ['1234222'], 'invoice_date': ['2026-04-29'], 'supplierid': ['1'], 'transport_charges': ['0'], 'invoice_total': ['1.00'], 'products_data': ['[{"productid":"2","batch_no":"00000000","expiry":"12-2034","mrp":"1","purchase_rate":"1","quantity":"1","free_qty":"0","scheme":"0","discount":"0","cgst":"0","sgst":"0","calculation_mode":"flat","rate_a":"0","rate_b":"0","rate_c":"0","from_challan":false,"challan_no":"","challan_date":""}]'], 'is_from_challan': ['false']}>
2026-04-29 17:19:31,124 - core.combined_invoice_view - INFO - Products data received: [{"productid":"2","batch_no":"00000000","expiry":"12-2034","mrp":"1","purchase_rate":"1","quantity":"1","free_qty":"0","scheme":"0","discount":"0","cgst":"0","sgst":"0","calculation_mode":"flat","rate_a":"0","rate_b":"0","rate_c":"0","from_challan":false,"challan_no":"","challan_date":""}]
2026-04-29 17:19:31,125 - core.combined_invoice_view - INFO - Challan flag: false
2026-04-29 17:19:31,129 - core.combined_invoice_view - INFO - Invoice created with ID: 134998
2026-04-29 17:19:31,137 - core.combined_invoice_view - INFO - Challan data received: challan_no=, challan_date=
2026-04-29 17:19:31,138 - core.combined_invoice_view - INFO - Setting rates for 1ST AID TRANSPORE TAPE .5"": A=0.0, B=0.0, C=0.0
2026-04-29 17:19:31,139 - core.combined_invoice_view - INFO - Product 1ST AID TRANSPORE TAPE .5"": Base=1.0, CGST=0.0, SGST=0.0, Total=1.0
2026-04-29 17:19:31,220 - core.combined_invoice_view - INFO - Product 1ST AID TRANSPORE TAPE .5"" added to invoice
2026-04-29 17:19:31,220 - core.combined_invoice_view - INFO - PURCHASE CREATED: 1ST AID TRANSPORE TAPE .5"", Batch: 00000000, Qty: 1.0, Free Qty: 0.0
2026-04-29 17:19:31,231 - core.combined_invoice_view - INFO - Saved invoice: Total=1.0, RoundOff=0.0 (added)
2026-04-29 17:19:31,231 - core.combined_invoice_view - INFO - Invoice 1234222 created successfully with 1 products
2026-06-16 18:10:35,818 - core.combined_invoice_view - INFO - POST data received: <QueryDict: {'csrfmiddlewaretoken': ['xpagcf1dqJTNEdlTe4bnoBBh2sNQmZufTOggFmZiFmMyovOT8ccWv1273tc9G4hK'], 'invoice_no': ['13323242'], 'invoice_date': ['2026-06-16'], 'supplierid': ['1'], 'transport_charges': ['0'], 'invoice_total': ['1.05'], 'products_data': ['[{"productid":"361","batch_no":"123","expiry":"12-2034","mrp":"1","purchase_rate":"1","quantity":"1","free_qty":"2","scheme":"0","discount":"0","cgst":"2.5","sgst":"2.5","calculation_mode":"flat","rate_a":"1","rate_b":"2","rate_c":"3","from_challan":false,"challan_no":"","challan_date":""}]'], 'is_from_challan': ['false']}>
2026-06-16 18:10:35,834 - core.combined_invoice_view - INFO - Products data received: [{"productid":"361","batch_no":"123","expiry":"12-2034","mrp":"1","purchase_rate":"1","quantity":"1","free_qty":"2","scheme":"0","discount":"0","cgst":"2.5","sgst":"2.5","calculation_mode":"flat","rate_a":"1","rate_b":"2","rate_c":"3","from_challan":false,"challan_no":"","challan_date":""}]
2026-06-16 18:10:35,835 - core.combined_invoice_view - INFO - Challan flag: false
2026-06-16 18:10:35,840 - core.combined_invoice_view - INFO - Invoice created with ID: 134999
2026-06-16 18:10:35,844 - core.combined_invoice_view - INFO - Challan data received: challan_no=, challan_date=
2026-06-16 18:10:35,845 - core.combined_invoice_view - INFO - Setting rates for bandage roll 6*5m 5 m"""": A=1.0, B=2.0, C=3.0
2026-06-16 18:10:35,846 - core.combined_invoice_view - INFO - Product bandage roll 6*5m 5 m"""": Base=1.0, CGST=0.03, SGST=0.03, Total=1.06
2026-06-16 18:10:36,157 - core.combined_invoice_view - INFO - Product bandage roll 6*5m 5 m"""" added to invoice
2026-06-16 18:10:36,157 - core.combined_invoice_view - INFO - PURCHASE CREATED: bandage roll 6*5m 5 m"""", Batch: 123, Qty: 1.0, Free Qty: 2.0
2026-06-16 18:10:36,173 - core.combined_invoice_view - INFO - Saved invoice: Total=1.05, RoundOff=0.0 (added)
2026-06-16 18:10:36,174 - core.combined_invoice_view - INFO - Invoice 13323242 created successfully with 1 products
2026-06-17 11:45:36,786 - core.combined_invoice_view - INFO - POST data received: <QueryDict: {'csrfmiddlewaretoken': ['27K8hmUt0Zzw0eh6GxcrDkL30vPutMK45D63BbduX4qXznjlsoAC9QUdHz2kMPDA'], 'invoice_no': ['12346'], 'invoice_date': ['2026-06-17'], 'supplierid': ['1'], 'transport_charges': ['0'], 'invoice_total': ['4.20'], 'products_data': ['[{"productid":"13","batch_no":"123443","expiry":"12-2034","mrp":"3","purchase_rate":"2","quantity":"2","free_qty":"2","scheme":"0","discount":"0","cgst":"2.5","sgst":"2.5","calculation_mode":"flat","rate_a":"1","rate_b":"2","rate_c":"3","from_challan":false,"challan_no":"","challan_date":""}]'], 'is_from_challan': ['false']}>
2026-06-17 11:45:36,809 - core.combined_invoice_view - INFO - Products data received: [{"productid":"13","batch_no":"123443","expiry":"12-2034","mrp":"3","purchase_rate":"2","quantity":"2","free_qty":"2","scheme":"0","discount":"0","cgst":"2.5","sgst":"2.5","calculation_mode":"flat","rate_a":"1","rate_b":"2","rate_c":"3","from_challan":false,"challan_no":"","challan_date":""}]
2026-06-17 11:45:36,819 - core.combined_invoice_view - INFO - Challan flag: false
2026-06-17 11:45:36,826 - core.combined_invoice_view - INFO - Invoice created with ID: 135000
2026-06-17 11:45:36,837 - core.combined_invoice_view - INFO - Challan data received: challan_no=, challan_date=
2026-06-17 11:45:36,845 - core.combined_invoice_view - INFO - Setting rates for ABIXIM O TAB 10 TAB: A=1.0, B=2.0, C=3.0
2026-06-17 11:45:36,854 - core.combined_invoice_view - INFO - Product ABIXIM O TAB 10 TAB: Base=4.0, CGST=0.1, SGST=0.1, Total=4.2
2026-06-17 11:45:37,010 - core.combined_invoice_view - INFO - Product ABIXIM O TAB 10 TAB added to invoice
2026-06-17 11:45:37,014 - core.combined_invoice_view - INFO - PURCHASE CREATED: ABIXIM O TAB 10 TAB, Batch: 123443, Qty: 2.0, Free Qty: 2.0
2026-06-17 11:45:37,029 - core.combined_invoice_view - INFO - Saved invoice: Total=4.2, RoundOff=0.0 (added)
2026-06-17 11:45:37,031 - core.combined_invoice_view - INFO - Invoice 12346 created successfully with 1 products
2026-08-11 20:30:34,290 - core.combined_invoice_view - INFO - POST data received: <QueryDict: {'csrfmiddlewaretoken': ['aq5BVD9kMOJxlRxWcFO3ycjfHoXYBI21kMdHvnRgV0pftHQQ4nUtYMxAkAOyC58w'], 'invoice_no': ['1233'], 'invoice_date': ['2026-08-11'], 'supplierid': ['1'], 'transport_charges': ['0'], 'invoice_total': ['4.20'], 'products_data': ['[{"productid":"254","batch_no":"cb1cb","expiry":"12-2028","mrp":"1","purchase_rate":"2","quantity":"2","free_qty":"0","scheme":"0","discount":"0","cgst":"2.5","sgst":"2.5","calculation_mode":"flat","rate_a":"1","rate_b":"3","rate_c":"3","from_challan":false,"challan_no":"","challan_date":""}]'], 'is_from_challan': ['false']}>
2026-08-11 20:30:34,306 - core.combined_invoice_view - INFO - Products data received: [{"productid":"254","batch_no":"cb1cb","expiry":"12-2028","mrp":"1","purchase_rate":"2","quantity":"2","free_qty":"0","scheme":"0","discount":"0","cgst":"2.5","sgst":"2.5","calculation_mode":"flat","rate_a":"1","rate_b":"3","rate_c":"3","from_challan":false,"challan_no":"","challan_date":""}]
2026-08-11 20:30:34,307 - core.combined_invoice_view - INFO - Challan flag: false
2026-08-11 20:30:34,313 - core.combined_invoice_view - INFO - Invoice created with ID: 135001
2026-08-11 20:30:34,322 - core.combined_invoice_view - INFO - Challan data received: challan_no=, challan_date=
2026-08-11 20:30:34,323 - core.combined_invoice_view - INFO - Setting rates for ASITUSS-A SYP 100ML: A=1.0, B=3.0, C=3.0
2026-08-11 20:30:34,323 - core.combined_invoice_view - INFO - Product ASITUSS-A SYP 100ML: Base=4.0, CGST=0.1, SGST=0.1, Total=4.2
2026-08-11 20:30:34,523 - core.combined_invoice_view - INFO - Product ASITUSS-A SYP 100ML added to invoice
2026-08-11 20:30:34,524 - core.combined_invoice_view - INFO - PURCHASE CREATED: ASITUSS-A SYP 100ML, Batch: cb1cb, Qty: 2.0, Free Qty: 0.0
2026-08-11 20:30:34,536 - core.combined_invoice_view - INFO - Saved invoice: Total=4.2, RoundOff=0.0 (added)
2026-08-11 20:30:34,537 - core.combined_invoice_view - INFO - Invoice 1233 created successfully with 1 products
2026-08-14 18:28:01,285 - core.combined_invoice_view - INFO - POST data received: <QueryDict: {'csrfmiddlewaretoken': ['Cb02XuUjUW7P6tzcQr3LVt7UvQnu8YvmsHUvqggalphMT0chrdTbbf0gfrjf5vpf'], 'invoice_no': ['123456'], 'invoice_date': ['2026-08-14'], 'supplierid': ['1'], 'transport_charges': ['0'], 'invoice_total': ['1.05'], 'disc_type_0': ['flat'], 'products_data': ['[{"productid":"254","batch_no":"13","expiry":"12-2034","mrp":"1","purchase_rate":"1","quantity":"1","free_qty":"0","scheme":"0","discount":"0","cgst":"2.5","sgst":"2.5","calculation_mode":"flat","rate_a":"0","rate_b":"0","rate_c":"0","from_challan":false,"challan_no":"","challan_date":""}]'], 'is_from_challan': ['false']}>
2026-08-14 18:28:01,308 - core.combined_invoice_view - INFO - Products data received: [{"productid":"254","batch_no":"13","expiry":"12-2034","mrp":"1","purchase_rate":"1","quantity":"1","free_qty":"0","scheme":"0","discount":"0","cgst":"2.5","sgst":"2.5","calculation_mode":"flat","rate_a":"0","rate_b":"0","rate_c":"0","from_challan":false,"challan_no":"","challan_date":""}]
2026-08-14 18:28:01,309 - core.combined_invoice_view - INFO - Challan flag: false
2026-08-14 18:28:01,314 - core.combined_invoice_view - INFO - Invoice created with ID: 135002
2026-08-14 18:28:01,319 - core.combined_invoice_view - INFO - Challan data received: challan_no=, challan_date=
2026-08-14 18:28:01,321 - core.combined_invoice_view - INFO - Setting rates for ASITUSS-A SYP 100ML: A=0.0, B=0.0, C=0.0
2026-08-14 18:28:01,323 - core.combined_invoice_view - INFO - Product ASITUSS-A SYP 100ML: Base=1.0, CGST=0.03, SGST=0.03, Total=1.06
2026-08-14 18:28:01,682 - core.combined_invoice_view - INFO - Product ASITUSS-A SYP 100ML added to invoice
2026-08-14 18:28:01,683 - core.combined_invoice_view - INFO - PURCHASE CREATED: ASITUSS-A SYP 100ML, Batch: 13, Qty: 1.0, Free Qty: 0.0
2026-08-14 18:28:01,694 - core.combined_invoice_view - INFO - Saved invoice: Total=1.05, RoundOff=0.0 (added)
2026-08-14 18:28:01,695 - core.combined_invoice_view - INFO - Invoice 123456 created successfully with 1 products
2026-08-14 18:30:38,553 - core.combined_invoice_view - INFO - POST data received: <QueryDict: {'csrfmiddlewaretoken': ['9bt8CNP7G07qTkKPFpBYyRLI2PrBPdIPZHnB5zbY7thnGRnUgbroODE4MqnmMKCI'], 'invoice_no': ['12345678'], 'invoice_date': ['2026-08-14'], 'supplierid': ['1'], 'transport_charges': ['0'], 'invoice_total': ['2.10'], 'disc_type_0': ['percentage'], 'products_data': ['[{"productid":"384","batch_no":"13","expiry":"12-2024","mrp":"1","purchase_rate":"4","quantity":"1","free_qty":"0","scheme":"0","discount":"50","cgst":"2.5","sgst":"2.5","calculation_mode":"percentage","rate_a":"0","rate_b":"0","rate_c":"0","from_challan":false,"challan_no":"","challan_date":""}]'], 'is_from_challan': ['false']}>
2026-08-14 18:30:38,572 - core.combined_invoice_view - INFO - Products data received: [{"productid":"384","batch_no":"13","expiry":"12-2024","mrp":"1","purchase_rate":"4","quantity":"1","free_qty":"0","scheme":"0","discount":"50","cgst":"2.5","sgst":"2.5","calculation_mode":"percentage","rate_a":"0","rate_b":"0","rate_c":"0","from_challan":false,"challan_no":"","challan_date":""}]
2026-08-14 18:30:38,573 - core.combined_invoice_view - INFO - Challan flag: false
2026-08-14 18:30:38,578 - core.combined_invoice_view - INFO - Invoice created with ID: 135003
2026-08-14 18:30:38,583 - core.combined_invoice_view - INFO - Challan data received: challan_no=, challan_date=
2026-08-14 18:30:38,584 - core.combined_invoice_view - INFO - Setting rates for newp: A=0.0, B=0.0, C=0.0
2026-08-14 18:30:38,585 - core.combined_invoice_view - INFO - Product newp: Base=2.0, CGST=0.05, SGST=0.05, Total=2.1
2026-08-14 18:30:38,961 - core.combined_invoice_view - ERROR - Error processing product 1: (1406, "Data too long for column 'purchase_calculation_mode' at row 1")
2026-08-14 18:30:38,962 - core.combined_invoice_view - ERROR - Full traceback: Traceback (most recent call last):
  File "C:\wholesaler project\final_smart_medicvista_erp\pharmamgmt\venv\Lib\site-packages\django\db\backends\utils.py", line 89, in _execute
    return self.cursor.execute(sql, params)
           ~~~~~~~~~~~~~~~~~~~^^^^^^^^^^^^^
  File "C:\wholesaler project\final_smart_medicvista_erp\pharmamgmt\venv\Lib\site-packages\django\db\backends\mysql\base.py", line 75, in execute
    return self.cursor.execute(query, args)
           ~~~~~~~~~~~~~~~~~~~^^^^^^^^^^^^^
  File "C:\wholesaler project\final_smart_medicvista_erp\pharmamgmt\venv\Lib\site-packages\MySQLdb\cursors.py", line 179, in execute
    res = self._query(mogrified_query)
  File "C:\wholesaler project\final_smart_medicvista_erp\pharmamgmt\venv\Lib\site-packages\MySQLdb\cursors.py", line 330, in _query
    db.query(q)
    ~~~~~~~~^^^
  File "C:\wholesaler project\final_smart_medicvista_erp\pharmamgmt\venv\Lib\site-packages\MySQLdb\connections.py", line 286, in query
    _mysql.connection.query(self, query)
    ~~~~~~~~~~~~~~~~~~~~~~~^^^^^^^^^^^^^
MySQLdb.DataError: (1406, "Data too long for column 'purchase_calculation_mode' at row 1")

The above exception was the direct cause of the following exception:

Traceback (most recent call last):
  File "C:\wholesaler project\final_smart_medicvista_erp\pharmamgmt\core\combined_invoice_view.py", line 320, in add_invoice_with_products
    purchase.save()
    ~~~~~~~~~~~~~^^
  File "C:\wholesaler project\final_smart_medicvista_erp\pharmamgmt\venv\Lib\site-packages\django\db\models\base.py", line 814, in save
    self.save_base(
    ~~~~~~~~~~~~~~^
        using=using,
        ^^^^^^^^^^^^
    ...<2 lines>...
        update_fields=update_fields,
        ^^^^^^^^^^^^^^^^^^^^^^^^^^^^
    )
    ^
  File "C:\wholesaler project\final_smart_medicvista_erp\pharmamgmt\venv\Lib\site-packages\django\db\models\base.py", line 877, in save_base
    updated = self._save_table(
        raw,
    ...<4 lines>...
        update_fields,
    )
  File "C:\wholesaler project\final_smart_medicvista_erp\pharmamgmt\venv\Lib\site-packages\django\db\models\base.py", line 1020, in _save_table
    results = self._do_insert(
        cls._base_manager, using, fields, returning_fields, raw
    )
  File "C:\wholesaler project\final_smart_medicvista_erp\pharmamgmt\venv\Lib\site-packages\django\db\models\base.py", line 1061, in _do_insert
    return manager._insert(
           ~~~~~~~~~~~~~~~^
        [self],
        ^^^^^^^
    ...<3 lines>...
        raw=raw,
        ^^^^^^^^
    )
    ^
  File "C:\wholesaler project\final_smart_medicvista_erp\pharmamgmt\venv\Lib\site-packages\django\db\models\manager.py", line 87, in manager_method
    return getattr(self.get_queryset(), name)(*args, **kwargs)
           ~~~~~~~~~~~~~~~~~~~~~~~~~~~~~~~~~~^^^^^^^^^^^^^^^^^
  File "C:\wholesaler project\final_smart_medicvista_erp\pharmamgmt\venv\Lib\site-packages\django\db\models\query.py", line 1805, in _insert
    return query.get_compiler(using=using).execute_sql(returning_fields)
           ~~~~~~~~~~~~~~~~~~~~~~~~~~~~~~~~~~~~~~~~~~~^^^^^^^^^^^^^^^^^^
  File "C:\wholesaler project\final_smart_medicvista_erp\pharmamgmt\venv\Lib\site-packages\django\db\models\sql\compiler.py", line 1822, in execute_sql
    cursor.execute(sql, params)
    ~~~~~~~~~~~~~~^^^^^^^^^^^^^
  File "C:\wholesaler project\final_smart_medicvista_erp\pharmamgmt\venv\Lib\site-packages\django\db\backends\utils.py", line 102, in execute
    return super().execute(sql, params)
           ~~~~~~~~~~~~~~~^^^^^^^^^^^^^
  File "C:\wholesaler project\final_smart_medicvista_erp\pharmamgmt\venv\Lib\site-packages\django\db\backends\utils.py", line 67, in execute
    return self._execute_with_wrappers(
           ~~~~~~~~~~~~~~~~~~~~~~~~~~~^
        sql, params, many=False, executor=self._execute
        ^^^^^^^^^^^^^^^^^^^^^^^^^^^^^^^^^^^^^^^^^^^^^^^
    )
    ^
  File "C:\wholesaler project\final_smart_medicvista_erp\pharmamgmt\venv\Lib\site-packages\django\db\backends\utils.py", line 80, in _execute_with_wrappers
    return executor(sql, params, many, context)
  File "C:\wholesaler project\final_smart_medicvista_erp\pharmamgmt\venv\Lib\site-packages\django\db\backends\utils.py", line 84, in _execute
    with self.db.wrap_database_errors:
         ^^^^^^^^^^^^^^^^^^^^^^^^^^^^
  File "C:\wholesaler project\final_smart_medicvista_erp\pharmamgmt\venv\Lib\site-packages\django\db\utils.py", line 91, in __exit__
    raise dj_exc_value.with_traceback(traceback) from exc_value
  File "C:\wholesaler project\final_smart_medicvista_erp\pharmamgmt\venv\Lib\site-packages\django\db\backends\utils.py", line 89, in _execute
    return self.cursor.execute(sql, params)
           ~~~~~~~~~~~~~~~~~~~^^^^^^^^^^^^^
  File "C:\wholesaler project\final_smart_medicvista_erp\pharmamgmt\venv\Lib\site-packages\django\db\backends\mysql\base.py", line 75, in execute
    return self.cursor.execute(query, args)
           ~~~~~~~~~~~~~~~~~~~^^^^^^^^^^^^^
  File "C:\wholesaler project\final_smart_medicvista_erp\pharmamgmt\venv\Lib\site-packages\MySQLdb\cursors.py", line 179, in execute
    res = self._query(mogrified_query)
  File "C:\wholesaler project\final_smart_medicvista_erp\pharmamgmt\venv\Lib\site-packages\MySQLdb\cursors.py", line 330, in _query
    db.query(q)
    ~~~~~~~~^^^
  File "C:\wholesaler project\final_smart_medicvista_erp\pharmamgmt\venv\Lib\site-packages\MySQLdb\connections.py", line 286, in query
    _mysql.connection.query(self, query)
    ~~~~~~~~~~~~~~~~~~~~~~~^^^^^^^^^^^^^
django.db.utils.DataError: (1406, "Data too long for column 'purchase_calculation_mode' at row 1")

2026-08-14 18:30:38,963 - core.combined_invoice_view - INFO - Invoice 12345678 created without products - header only
2026-08-14 18:30:39,034 - core.combined_invoice_view - ERROR - Unexpected error creating invoice: An error occurred in the current transaction. You can't execute queries until the end of the 'atomic' block.
2026-08-14 18:30:39,034 - core.combined_invoice_view - ERROR - Full error traceback: Traceback (most recent call last):
  File "C:\wholesaler project\final_smart_medicvista_erp\pharmamgmt\venv\Lib\site-packages\django\db\backends\utils.py", line 89, in _execute
    return self.cursor.execute(sql, params)
           ~~~~~~~~~~~~~~~~~~~^^^^^^^^^^^^^
  File "C:\wholesaler project\final_smart_medicvista_erp\pharmamgmt\venv\Lib\site-packages\django\db\backends\mysql\base.py", line 75, in execute
    return self.cursor.execute(query, args)
           ~~~~~~~~~~~~~~~~~~~^^^^^^^^^^^^^
  File "C:\wholesaler project\final_smart_medicvista_erp\pharmamgmt\venv\Lib\site-packages\MySQLdb\cursors.py", line 179, in execute
    res = self._query(mogrified_query)
  File "C:\wholesaler project\final_smart_medicvista_erp\pharmamgmt\venv\Lib\site-packages\MySQLdb\cursors.py", line 330, in _query
    db.query(q)
    ~~~~~~~~^^^
  File "C:\wholesaler project\final_smart_medicvista_erp\pharmamgmt\venv\Lib\site-packages\MySQLdb\connections.py", line 286, in query
    _mysql.connection.query(self, query)
    ~~~~~~~~~~~~~~~~~~~~~~~^^^^^^^^^^^^^
MySQLdb.DataError: (1406, "Data too long for column 'purchase_calculation_mode' at row 1")

The above exception was the direct cause of the following exception:

Traceback (most recent call last):
  File "C:\wholesaler project\final_smart_medicvista_erp\pharmamgmt\core\combined_invoice_view.py", line 320, in add_invoice_with_products
    purchase.save()
    ~~~~~~~~~~~~~^^
  File "C:\wholesaler project\final_smart_medicvista_erp\pharmamgmt\venv\Lib\site-packages\django\db\models\base.py", line 814, in save
    self.save_base(
    ~~~~~~~~~~~~~~^
        using=using,
        ^^^^^^^^^^^^
    ...<2 lines>...
        update_fields=update_fields,
        ^^^^^^^^^^^^^^^^^^^^^^^^^^^^
    )
    ^
  File "C:\wholesaler project\final_smart_medicvista_erp\pharmamgmt\venv\Lib\site-packages\django\db\models\base.py", line 877, in save_base
    updated = self._save_table(
        raw,
    ...<4 lines>...
        update_fields,
    )
  File "C:\wholesaler project\final_smart_medicvista_erp\pharmamgmt\venv\Lib\site-packages\django\db\models\base.py", line 1020, in _save_table
    results = self._do_insert(
        cls._base_manager, using, fields, returning_fields, raw
    )
  File "C:\wholesaler project\final_smart_medicvista_erp\pharmamgmt\venv\Lib\site-packages\django\db\models\base.py", line 1061, in _do_insert
    return manager._insert(
           ~~~~~~~~~~~~~~~^
        [self],
        ^^^^^^^
    ...<3 lines>...
        raw=raw,
        ^^^^^^^^
    )
    ^
  File "C:\wholesaler project\final_smart_medicvista_erp\pharmamgmt\venv\Lib\site-packages\django\db\models\manager.py", line 87, in manager_method
    return getattr(self.get_queryset(), name)(*args, **kwargs)
           ~~~~~~~~~~~~~~~~~~~~~~~~~~~~~~~~~~^^^^^^^^^^^^^^^^^
  File "C:\wholesaler project\final_smart_medicvista_erp\pharmamgmt\venv\Lib\site-packages\django\db\models\query.py", line 1805, in _insert
    return query.get_compiler(using=using).execute_sql(returning_fields)
           ~~~~~~~~~~~~~~~~~~~~~~~~~~~~~~~~~~~~~~~~~~~^^^^^^^^^^^^^^^^^^
  File "C:\wholesaler project\final_smart_medicvista_erp\pharmamgmt\venv\Lib\site-packages\django\db\models\sql\compiler.py", line 1822, in execute_sql
    cursor.execute(sql, params)
    ~~~~~~~~~~~~~~^^^^^^^^^^^^^
  File "C:\wholesaler project\final_smart_medicvista_erp\pharmamgmt\venv\Lib\site-packages\django\db\backends\utils.py", line 102, in execute
    return super().execute(sql, params)
           ~~~~~~~~~~~~~~~^^^^^^^^^^^^^
  File "C:\wholesaler project\final_smart_medicvista_erp\pharmamgmt\venv\Lib\site-packages\django\db\backends\utils.py", line 67, in execute
    return self._execute_with_wrappers(
           ~~~~~~~~~~~~~~~~~~~~~~~~~~~^
        sql, params, many=False, executor=self._execute
        ^^^^^^^^^^^^^^^^^^^^^^^^^^^^^^^^^^^^^^^^^^^^^^^
    )
    ^
  File "C:\wholesaler project\final_smart_medicvista_erp\pharmamgmt\venv\Lib\site-packages\django\db\backends\utils.py", line 80, in _execute_with_wrappers
    return executor(sql, params, many, context)
  File "C:\wholesaler project\final_smart_medicvista_erp\pharmamgmt\venv\Lib\site-packages\django\db\backends\utils.py", line 84, in _execute
    with self.db.wrap_database_errors:
         ^^^^^^^^^^^^^^^^^^^^^^^^^^^^
  File "C:\wholesaler project\final_smart_medicvista_erp\pharmamgmt\venv\Lib\site-packages\django\db\utils.py", line 91, in __exit__
    raise dj_exc_value.with_traceback(traceback) from exc_value
  File "C:\wholesaler project\final_smart_medicvista_erp\pharmamgmt\venv\Lib\site-packages\django\db\backends\utils.py", line 89, in _execute
    return self.cursor.execute(sql, params)
           ~~~~~~~~~~~~~~~~~~~^^^^^^^^^^^^^
  File "C:\wholesaler project\final_smart_medicvista_erp\pharmamgmt\venv\Lib\site-packages\django\db\backends\mysql\base.py", line 75, in execute
    return self.cursor.execute(query, args)
           ~~~~~~~~~~~~~~~~~~~^^^^^^^^^^^^^
  File "C:\wholesaler project\final_smart_medicvista_erp\pharmamgmt\venv\Lib\site-packages\MySQLdb\cursors.py", line 179, in execute
    res = self._query(mogrified_query)
  File "C:\wholesaler project\final_smart_medicvista_erp\pharmamgmt\venv\Lib\site-packages\MySQLdb\cursors.py", line 330, in _query
    db.query(q)
    ~~~~~~~~^^^
  File "C:\wholesaler project\final_smart_medicvista_erp\pharmamgmt\venv\Lib\site-packages\MySQLdb\connections.py", line 286, in query
    _mysql.connection.query(self, query)
    ~~~~~~~~~~~~~~~~~~~~~~~^^^^^^^^^^^^^
django.db.utils.DataError: (1406, "Data too long for column 'purchase_calculation_mode' at row 1")

The above exception was the direct cause of the following exception:

Traceback (most recent call last):
  File "C:\wholesaler project\final_smart_medicvista_erp\pharmamgmt\core\combined_invoice_view.py", line 376, in add_invoice_with_products
    invoice.save()
    ~~~~~~~~~~~~^^
  File "C:\wholesaler project\final_smart_medicvista_erp\pharmamgmt\venv\Lib\site-packages\django\db\models\base.py", line 814, in save
    self.save_base(
    ~~~~~~~~~~~~~~^
        using=using,
        ^^^^^^^^^^^^
    ...<2 lines>...
        update_fields=update_fields,
        ^^^^^^^^^^^^^^^^^^^^^^^^^^^^
    )
    ^
  File "C:\wholesaler project\final_smart_medicvista_erp\pharmamgmt\venv\Lib\site-packages\django\db\models\base.py", line 877, in save_base
    updated = self._save_table(
        raw,
    ...<4 lines>...
        update_fields,
    )
  File "C:\wholesaler project\final_smart_medicvista_erp\pharmamgmt\venv\Lib\site-packages\django\db\models\base.py", line 990, in _save_table
    updated = self._do_update(
        base_qs, using, pk_val, values, update_fields, forced_update
    )
  File "C:\wholesaler project\final_smart_medicvista_erp\pharmamgmt\venv\Lib\site-packages\django\db\models\base.py", line 1054, in _do_update
    return filtered._update(values) > 0
           ~~~~~~~~~~~~~~~~^^^^^^^^
  File "C:\wholesaler project\final_smart_medicvista_erp\pharmamgmt\venv\Lib\site-packages\django\db\models\query.py", line 1231, in _update
    return query.get_compiler(self.db).execute_sql(CURSOR)
           ~~~~~~~~~~~~~~~~~~~~~~~~~~~~~~~~~~~~~~~^^^^^^^^
  File "C:\wholesaler project\final_smart_medicvista_erp\pharmamgmt\venv\Lib\site-packages\django\db\models\sql\compiler.py", line 1984, in execute_sql
    cursor = super().execute_sql(result_type)
  File "C:\wholesaler project\final_smart_medicvista_erp\pharmamgmt\venv\Lib\site-packages\django\db\models\sql\compiler.py", line 1562, in execute_sql
    cursor.execute(sql, params)
    ~~~~~~~~~~~~~~^^^^^^^^^^^^^
  File "C:\wholesaler project\final_smart_medicvista_erp\pharmamgmt\venv\Lib\site-packages\django\db\backends\utils.py", line 102, in execute
    return super().execute(sql, params)
           ~~~~~~~~~~~~~~~^^^^^^^^^^^^^
  File "C:\wholesaler project\final_smart_medicvista_erp\pharmamgmt\venv\Lib\site-packages\django\db\backends\utils.py", line 67, in execute
    return self._execute_with_wrappers(
           ~~~~~~~~~~~~~~~~~~~~~~~~~~~^
        sql, params, many=False, executor=self._execute
        ^^^^^^^^^^^^^^^^^^^^^^^^^^^^^^^^^^^^^^^^^^^^^^^
    )
    ^
  File "C:\wholesaler project\final_smart_medicvista_erp\pharmamgmt\venv\Lib\site-packages\django\db\backends\utils.py", line 80, in _execute_with_wrappers
    return executor(sql, params, many, context)
  File "C:\wholesaler project\final_smart_medicvista_erp\pharmamgmt\venv\Lib\site-packages\django\db\backends\utils.py", line 83, in _execute
    self.db.validate_no_broken_transaction()
    ~~~~~~~~~~~~~~~~~~~~~~~~~~~~~~~~~~~~~~^^
  File "C:\wholesaler project\final_smart_medicvista_erp\pharmamgmt\venv\Lib\site-packages\django\db\backends\base\base.py", line 531, in validate_no_broken_transaction
    raise TransactionManagementError(
    ...<2 lines>...
    ) from self.rollback_exc
django.db.transaction.TransactionManagementError: An error occurred in the current transaction. You can't execute queries until the end of the 'atomic' block.

2026-08-14 18:32:05,114 - core.combined_invoice_view - INFO - POST data received: <QueryDict: {'csrfmiddlewaretoken': ['D382IYa9z5wIc7q1jJECnF2ffLb5ogtjtz2vbKw00yGFZE36Uvu2DrVBZm7QlNnc'], 'invoice_no': ['453'], 'invoice_date': ['2026-08-14'], 'supplierid': ['1'], 'transport_charges': ['0'], 'invoice_total': ['0.94'], 'disc_type_0': ['percentage'], 'products_data': ['[{"productid":"384","batch_no":"13","expiry":"12-2034","mrp":"1","purchase_rate":"1","quantity":"1","free_qty":"0","scheme":"0","discount":"10","cgst":"2.5","sgst":"2.5","calculation_mode":"percentage","rate_a":"0","rate_b":"0","rate_c":"0","from_challan":false,"challan_no":"","challan_date":""}]'], 'is_from_challan': ['false']}>
2026-08-14 18:32:05,129 - core.combined_invoice_view - INFO - Products data received: [{"productid":"384","batch_no":"13","expiry":"12-2034","mrp":"1","purchase_rate":"1","quantity":"1","free_qty":"0","scheme":"0","discount":"10","cgst":"2.5","sgst":"2.5","calculation_mode":"percentage","rate_a":"0","rate_b":"0","rate_c":"0","from_challan":false,"challan_no":"","challan_date":""}]
2026-08-14 18:32:05,130 - core.combined_invoice_view - INFO - Challan flag: false
2026-08-14 18:32:05,138 - core.combined_invoice_view - INFO - Invoice created with ID: 135004
2026-08-14 18:32:05,143 - core.combined_invoice_view - INFO - Challan data received: challan_no=, challan_date=
2026-08-14 18:32:05,146 - core.combined_invoice_view - INFO - Setting rates for newp: A=0.0, B=0.0, C=0.0
2026-08-14 18:32:05,147 - core.combined_invoice_view - INFO - Product newp: Base=0.9, CGST=0.02, SGST=0.02, Total=0.94
2026-08-14 18:32:05,171 - core.combined_invoice_view - ERROR - Error processing product 1: (1406, "Data too long for column 'purchase_calculation_mode' at row 1")
2026-08-14 18:32:05,172 - core.combined_invoice_view - ERROR - Full traceback: Traceback (most recent call last):
  File "C:\wholesaler project\final_smart_medicvista_erp\pharmamgmt\venv\Lib\site-packages\django\db\backends\utils.py", line 89, in _execute
    return self.cursor.execute(sql, params)
           ~~~~~~~~~~~~~~~~~~~^^^^^^^^^^^^^
  File "C:\wholesaler project\final_smart_medicvista_erp\pharmamgmt\venv\Lib\site-packages\django\db\backends\mysql\base.py", line 75, in execute
    return self.cursor.execute(query, args)
           ~~~~~~~~~~~~~~~~~~~^^^^^^^^^^^^^
  File "C:\wholesaler project\final_smart_medicvista_erp\pharmamgmt\venv\Lib\site-packages\MySQLdb\cursors.py", line 179, in execute
    res = self._query(mogrified_query)
  File "C:\wholesaler project\final_smart_medicvista_erp\pharmamgmt\venv\Lib\site-packages\MySQLdb\cursors.py", line 330, in _query
    db.query(q)
    ~~~~~~~~^^^
  File "C:\wholesaler project\final_smart_medicvista_erp\pharmamgmt\venv\Lib\site-packages\MySQLdb\connections.py", line 286, in query
    _mysql.connection.query(self, query)
    ~~~~~~~~~~~~~~~~~~~~~~~^^^^^^^^^^^^^
MySQLdb.DataError: (1406, "Data too long for column 'purchase_calculation_mode' at row 1")

The above exception was the direct cause of the following exception:

Traceback (most recent call last):
  File "C:\wholesaler project\final_smart_medicvista_erp\pharmamgmt\core\combined_invoice_view.py", line 320, in add_invoice_with_products
    purchase.save()
    ~~~~~~~~~~~~~^^
  File "C:\wholesaler project\final_smart_medicvista_erp\pharmamgmt\venv\Lib\site-packages\django\db\models\base.py", line 814, in save
    self.save_base(
    ~~~~~~~~~~~~~~^
        using=using,
        ^^^^^^^^^^^^
    ...<2 lines>...
        update_fields=update_fields,
        ^^^^^^^^^^^^^^^^^^^^^^^^^^^^
    )
    ^
  File "C:\wholesaler project\final_smart_medicvista_erp\pharmamgmt\venv\Lib\site-packages\django\db\models\base.py", line 877, in save_base
    updated = self._save_table(
        raw,
    ...<4 lines>...
        update_fields,
    )
  File "C:\wholesaler project\final_smart_medicvista_erp\pharmamgmt\venv\Lib\site-packages\django\db\models\base.py", line 1020, in _save_table
    results = self._do_insert(
        cls._base_manager, using, fields, returning_fields, raw
    )
  File "C:\wholesaler project\final_smart_medicvista_erp\pharmamgmt\venv\Lib\site-packages\django\db\models\base.py", line 1061, in _do_insert
    return manager._insert(
           ~~~~~~~~~~~~~~~^
        [self],
        ^^^^^^^
    ...<3 lines>...
        raw=raw,
        ^^^^^^^^
    )
    ^
  File "C:\wholesaler project\final_smart_medicvista_erp\pharmamgmt\venv\Lib\site-packages\django\db\models\manager.py", line 87, in manager_method
    return getattr(self.get_queryset(), name)(*args, **kwargs)
           ~~~~~~~~~~~~~~~~~~~~~~~~~~~~~~~~~~^^^^^^^^^^^^^^^^^
  File "C:\wholesaler project\final_smart_medicvista_erp\pharmamgmt\venv\Lib\site-packages\django\db\models\query.py", line 1805, in _insert
    return query.get_compiler(using=using).execute_sql(returning_fields)
           ~~~~~~~~~~~~~~~~~~~~~~~~~~~~~~~~~~~~~~~~~~~^^^^^^^^^^^^^^^^^^
  File "C:\wholesaler project\final_smart_medicvista_erp\pharmamgmt\venv\Lib\site-packages\django\db\models\sql\compiler.py", line 1822, in execute_sql
    cursor.execute(sql, params)
    ~~~~~~~~~~~~~~^^^^^^^^^^^^^
  File "C:\wholesaler project\final_smart_medicvista_erp\pharmamgmt\venv\Lib\site-packages\django\db\backends\utils.py", line 102, in execute
    return super().execute(sql, params)
           ~~~~~~~~~~~~~~~^^^^^^^^^^^^^
  File "C:\wholesaler project\final_smart_medicvista_erp\pharmamgmt\venv\Lib\site-packages\django\db\backends\utils.py", line 67, in execute
    return self._execute_with_wrappers(
           ~~~~~~~~~~~~~~~~~~~~~~~~~~~^
        sql, params, many=False, executor=self._execute
        ^^^^^^^^^^^^^^^^^^^^^^^^^^^^^^^^^^^^^^^^^^^^^^^
    )
    ^
  File "C:\wholesaler project\final_smart_medicvista_erp\pharmamgmt\venv\Lib\site-packages\django\db\backends\utils.py", line 80, in _execute_with_wrappers
    return executor(sql, params, many, context)
  File "C:\wholesaler project\final_smart_medicvista_erp\pharmamgmt\venv\Lib\site-packages\django\db\backends\utils.py", line 84, in _execute
    with self.db.wrap_database_errors:
         ^^^^^^^^^^^^^^^^^^^^^^^^^^^^
  File "C:\wholesaler project\final_smart_medicvista_erp\pharmamgmt\venv\Lib\site-packages\django\db\utils.py", line 91, in __exit__
    raise dj_exc_value.with_traceback(traceback) from exc_value
  File "C:\wholesaler project\final_smart_medicvista_erp\pharmamgmt\venv\Lib\site-packages\django\db\backends\utils.py", line 89, in _execute
    return self.cursor.execute(sql, params)
           ~~~~~~~~~~~~~~~~~~~^^^^^^^^^^^^^
  File "C:\wholesaler project\final_smart_medicvista_erp\pharmamgmt\venv\Lib\site-packages\django\db\backends\mysql\base.py", line 75, in execute
    return self.cursor.execute(query, args)
           ~~~~~~~~~~~~~~~~~~~^^^^^^^^^^^^^
  File "C:\wholesaler project\final_smart_medicvista_erp\pharmamgmt\venv\Lib\site-packages\MySQLdb\cursors.py", line 179, in execute
    res = self._query(mogrified_query)
  File "C:\wholesaler project\final_smart_medicvista_erp\pharmamgmt\venv\Lib\site-packages\MySQLdb\cursors.py", line 330, in _query
    db.query(q)
    ~~~~~~~~^^^
  File "C:\wholesaler project\final_smart_medicvista_erp\pharmamgmt\venv\Lib\site-packages\MySQLdb\connections.py", line 286, in query
    _mysql.connection.query(self, query)
    ~~~~~~~~~~~~~~~~~~~~~~~^^^^^^^^^^^^^
django.db.utils.DataError: (1406, "Data too long for column 'purchase_calculation_mode' at row 1")

2026-08-14 18:32:05,172 - core.combined_invoice_view - INFO - Invoice 453 created without products - header only
2026-08-14 18:32:05,208 - core.combined_invoice_view - ERROR - Unexpected error creating invoice: An error occurred in the current transaction. You can't execute queries until the end of the 'atomic' block.
2026-08-14 18:32:05,208 - core.combined_invoice_view - ERROR - Full error traceback: Traceback (most recent call last):
  File "C:\wholesaler project\final_smart_medicvista_erp\pharmamgmt\venv\Lib\site-packages\django\db\backends\utils.py", line 89, in _execute
    return self.cursor.execute(sql, params)
           ~~~~~~~~~~~~~~~~~~~^^^^^^^^^^^^^
  File "C:\wholesaler project\final_smart_medicvista_erp\pharmamgmt\venv\Lib\site-packages\django\db\backends\mysql\base.py", line 75, in execute
    return self.cursor.execute(query, args)
           ~~~~~~~~~~~~~~~~~~~^^^^^^^^^^^^^
  File "C:\wholesaler project\final_smart_medicvista_erp\pharmamgmt\venv\Lib\site-packages\MySQLdb\cursors.py", line 179, in execute
    res = self._query(mogrified_query)
  File "C:\wholesaler project\final_smart_medicvista_erp\pharmamgmt\venv\Lib\site-packages\MySQLdb\cursors.py", line 330, in _query
    db.query(q)
    ~~~~~~~~^^^
  File "C:\wholesaler project\final_smart_medicvista_erp\pharmamgmt\venv\Lib\site-packages\MySQLdb\connections.py", line 286, in query
    _mysql.connection.query(self, query)
    ~~~~~~~~~~~~~~~~~~~~~~~^^^^^^^^^^^^^
MySQLdb.DataError: (1406, "Data too long for column 'purchase_calculation_mode' at row 1")

The above exception was the direct cause of the following exception:

Traceback (most recent call last):
  File "C:\wholesaler project\final_smart_medicvista_erp\pharmamgmt\core\combined_invoice_view.py", line 320, in add_invoice_with_products
    purchase.save()
    ~~~~~~~~~~~~~^^
  File "C:\wholesaler project\final_smart_medicvista_erp\pharmamgmt\venv\Lib\site-packages\django\db\models\base.py", line 814, in save
    self.save_base(
    ~~~~~~~~~~~~~~^
        using=using,
        ^^^^^^^^^^^^
    ...<2 lines>...
        update_fields=update_fields,
        ^^^^^^^^^^^^^^^^^^^^^^^^^^^^
    )
    ^
  File "C:\wholesaler project\final_smart_medicvista_erp\pharmamgmt\venv\Lib\site-packages\django\db\models\base.py", line 877, in save_base
    updated = self._save_table(
        raw,
    ...<4 lines>...
        update_fields,
    )
  File "C:\wholesaler project\final_smart_medicvista_erp\pharmamgmt\venv\Lib\site-packages\django\db\models\base.py", line 1020, in _save_table
    results = self._do_insert(
        cls._base_manager, using, fields, returning_fields, raw
    )
  File "C:\wholesaler project\final_smart_medicvista_erp\pharmamgmt\venv\Lib\site-packages\django\db\models\base.py", line 1061, in _do_insert
    return manager._insert(
           ~~~~~~~~~~~~~~~^
        [self],
        ^^^^^^^
    ...<3 lines>...
        raw=raw,
        ^^^^^^^^
    )
    ^
  File "C:\wholesaler project\final_smart_medicvista_erp\pharmamgmt\venv\Lib\site-packages\django\db\models\manager.py", line 87, in manager_method
    return getattr(self.get_queryset(), name)(*args, **kwargs)
           ~~~~~~~~~~~~~~~~~~~~~~~~~~~~~~~~~~^^^^^^^^^^^^^^^^^
  File "C:\wholesaler project\final_smart_medicvista_erp\pharmamgmt\venv\Lib\site-packages\django\db\models\query.py", line 1805, in _insert
    return query.get_compiler(using=using).execute_sql(returning_fields)
           ~~~~~~~~~~~~~~~~~~~~~~~~~~~~~~~~~~~~~~~~~~~^^^^^^^^^^^^^^^^^^
  File "C:\wholesaler project\final_smart_medicvista_erp\pharmamgmt\venv\Lib\site-packages\django\db\models\sql\compiler.py", line 1822, in execute_sql
    cursor.execute(sql, params)
    ~~~~~~~~~~~~~~^^^^^^^^^^^^^
  File "C:\wholesaler project\final_smart_medicvista_erp\pharmamgmt\venv\Lib\site-packages\django\db\backends\utils.py", line 102, in execute
    return super().execute(sql, params)
           ~~~~~~~~~~~~~~~^^^^^^^^^^^^^
  File "C:\wholesaler project\final_smart_medicvista_erp\pharmamgmt\venv\Lib\site-packages\django\db\backends\utils.py", line 67, in execute
    return self._execute_with_wrappers(
           ~~~~~~~~~~~~~~~~~~~~~~~~~~~^
        sql, params, many=False, executor=self._execute
        ^^^^^^^^^^^^^^^^^^^^^^^^^^^^^^^^^^^^^^^^^^^^^^^
    )
    ^
  File "C:\wholesaler project\final_smart_medicvista_erp\pharmamgmt\venv\Lib\site-packages\django\db\backends\utils.py", line 80, in _execute_with_wrappers
    return executor(sql, params, many, context)
  File "C:\wholesaler project\final_smart_medicvista_erp\pharmamgmt\venv\Lib\site-packages\django\db\backends\utils.py", line 84, in _execute
    with self.db.wrap_database_errors:
         ^^^^^^^^^^^^^^^^^^^^^^^^^^^^
  File "C:\wholesaler project\final_smart_medicvista_erp\pharmamgmt\venv\Lib\site-packages\django\db\utils.py", line 91, in __exit__
    raise dj_exc_value.with_traceback(traceback) from exc_value
  File "C:\wholesaler project\final_smart_medicvista_erp\pharmamgmt\venv\Lib\site-packages\django\db\backends\utils.py", line 89, in _execute
    return self.cursor.execute(sql, params)
           ~~~~~~~~~~~~~~~~~~~^^^^^^^^^^^^^
  File "C:\wholesaler project\final_smart_medicvista_erp\pharmamgmt\venv\Lib\site-packages\django\db\backends\mysql\base.py", line 75, in execute
    return self.cursor.execute(query, args)
           ~~~~~~~~~~~~~~~~~~~^^^^^^^^^^^^^
  File "C:\wholesaler project\final_smart_medicvista_erp\pharmamgmt\venv\Lib\site-packages\MySQLdb\cursors.py", line 179, in execute
    res = self._query(mogrified_query)
  File "C:\wholesaler project\final_smart_medicvista_erp\pharmamgmt\venv\Lib\site-packages\MySQLdb\cursors.py", line 330, in _query
    db.query(q)
    ~~~~~~~~^^^
  File "C:\wholesaler project\final_smart_medicvista_erp\pharmamgmt\venv\Lib\site-packages\MySQLdb\connections.py", line 286, in query
    _mysql.connection.query(self, query)
    ~~~~~~~~~~~~~~~~~~~~~~~^^^^^^^^^^^^^
django.db.utils.DataError: (1406, "Data too long for column 'purchase_calculation_mode' at row 1")

The above exception was the direct cause of the following exception:

Traceback (most recent call last):
  File "C:\wholesaler project\final_smart_medicvista_erp\pharmamgmt\core\combined_invoice_view.py", line 376, in add_invoice_with_products
    invoice.save()
    ~~~~~~~~~~~~^^
  File "C:\wholesaler project\final_smart_medicvista_erp\pharmamgmt\venv\Lib\site-packages\django\db\models\base.py", line 814, in save
    self.save_base(
    ~~~~~~~~~~~~~~^
        using=using,
        ^^^^^^^^^^^^
    ...<2 lines>...
        update_fields=update_fields,
        ^^^^^^^^^^^^^^^^^^^^^^^^^^^^
    )
    ^
  File "C:\wholesaler project\final_smart_medicvista_erp\pharmamgmt\venv\Lib\site-packages\django\db\models\base.py", line 877, in save_base
    updated = self._save_table(
        raw,
    ...<4 lines>...
        update_fields,
    )
  File "C:\wholesaler project\final_smart_medicvista_erp\pharmamgmt\venv\Lib\site-packages\django\db\models\base.py", line 990, in _save_table
    updated = self._do_update(
        base_qs, using, pk_val, values, update_fields, forced_update
    )
  File "C:\wholesaler project\final_smart_medicvista_erp\pharmamgmt\venv\Lib\site-packages\django\db\models\base.py", line 1054, in _do_update
    return filtered._update(values) > 0
           ~~~~~~~~~~~~~~~~^^^^^^^^
  File "C:\wholesaler project\final_smart_medicvista_erp\pharmamgmt\venv\Lib\site-packages\django\db\models\query.py", line 1231, in _update
    return query.get_compiler(self.db).execute_sql(CURSOR)
           ~~~~~~~~~~~~~~~~~~~~~~~~~~~~~~~~~~~~~~~^^^^^^^^
  File "C:\wholesaler project\final_smart_medicvista_erp\pharmamgmt\venv\Lib\site-packages\django\db\models\sql\compiler.py", line 1984, in execute_sql
    cursor = super().execute_sql(result_type)
  File "C:\wholesaler project\final_smart_medicvista_erp\pharmamgmt\venv\Lib\site-packages\django\db\models\sql\compiler.py", line 1562, in execute_sql
    cursor.execute(sql, params)
    ~~~~~~~~~~~~~~^^^^^^^^^^^^^
  File "C:\wholesaler project\final_smart_medicvista_erp\pharmamgmt\venv\Lib\site-packages\django\db\backends\utils.py", line 102, in execute
    return super().execute(sql, params)
           ~~~~~~~~~~~~~~~^^^^^^^^^^^^^
  File "C:\wholesaler project\final_smart_medicvista_erp\pharmamgmt\venv\Lib\site-packages\django\db\backends\utils.py", line 67, in execute
    return self._execute_with_wrappers(
           ~~~~~~~~~~~~~~~~~~~~~~~~~~~^
        sql, params, many=False, executor=self._execute
        ^^^^^^^^^^^^^^^^^^^^^^^^^^^^^^^^^^^^^^^^^^^^^^^
    )
    ^
  File "C:\wholesaler project\final_smart_medicvista_erp\pharmamgmt\venv\Lib\site-packages\django\db\backends\utils.py", line 80, in _execute_with_wrappers
    return executor(sql, params, many, context)
  File "C:\wholesaler project\final_smart_medicvista_erp\pharmamgmt\venv\Lib\site-packages\django\db\backends\utils.py", line 83, in _execute
    self.db.validate_no_broken_transaction()
    ~~~~~~~~~~~~~~~~~~~~~~~~~~~~~~~~~~~~~~^^
  File "C:\wholesaler project\final_smart_medicvista_erp\pharmamgmt\venv\Lib\site-packages\django\db\backends\base\base.py", line 531, in validate_no_broken_transaction
    raise TransactionManagementError(
    ...<2 lines>...
    ) from self.rollback_exc
django.db.transaction.TransactionManagementError: An error occurred in the current transaction. You can't execute queries until the end of the 'atomic' block.

2026-08-14 18:35:40,408 - core.combined_invoice_view - INFO - POST data received: <QueryDict: {'csrfmiddlewaretoken': ['D382IYa9z5wIc7q1jJECnF2ffLb5ogtjtz2vbKw00yGFZE36Uvu2DrVBZm7QlNnc'], 'invoice_no': ['453'], 'invoice_date': ['2026-08-14'], 'supplierid': ['1'], 'transport_charges': ['0'], 'invoice_total': ['0.94'], 'disc_type_0': ['percentage'], 'products_data': ['[{"productid":"384","batch_no":"13","expiry":"12-2034","mrp":"1","purchase_rate":"1","quantity":"1","free_qty":"0","scheme":"0","discount":"10","cgst":"2.5","sgst":"2.5","calculation_mode":"percentage","rate_a":"0","rate_b":"0","rate_c":"0","from_challan":false,"challan_no":"","challan_date":""}]'], 'is_from_challan': ['false']}>
2026-08-14 18:35:40,426 - core.combined_invoice_view - INFO - Products data received: [{"productid":"384","batch_no":"13","expiry":"12-2034","mrp":"1","purchase_rate":"1","quantity":"1","free_qty":"0","scheme":"0","discount":"10","cgst":"2.5","sgst":"2.5","calculation_mode":"percentage","rate_a":"0","rate_b":"0","rate_c":"0","from_challan":false,"challan_no":"","challan_date":""}]
2026-08-14 18:35:40,427 - core.combined_invoice_view - INFO - Challan flag: false
2026-08-14 18:35:40,431 - core.combined_invoice_view - INFO - Invoice created with ID: 135005
2026-08-14 18:35:40,439 - core.combined_invoice_view - INFO - Challan data received: challan_no=, challan_date=
2026-08-14 18:35:40,440 - core.combined_invoice_view - INFO - Product newp: Base=0.9, CGST=0.02, SGST=0.02, Total=0.94
2026-08-14 18:35:40,558 - core.combined_invoice_view - ERROR - Unexpected error creating invoice: An error occurred in the current transaction. You can't execute queries until the end of the 'atomic' block.
2026-08-14 18:35:40,560 - core.combined_invoice_view - ERROR - Full error traceback: Traceback (most recent call last):
  File "C:\wholesaler project\final_smart_medicvista_erp\pharmamgmt\venv\Lib\site-packages\django\db\backends\utils.py", line 89, in _execute
    return self.cursor.execute(sql, params)
           ~~~~~~~~~~~~~~~~~~~^^^^^^^^^^^^^
  File "C:\wholesaler project\final_smart_medicvista_erp\pharmamgmt\venv\Lib\site-packages\django\db\backends\mysql\base.py", line 75, in execute
    return self.cursor.execute(query, args)
           ~~~~~~~~~~~~~~~~~~~^^^^^^^^^^^^^
  File "C:\wholesaler project\final_smart_medicvista_erp\pharmamgmt\venv\Lib\site-packages\MySQLdb\cursors.py", line 179, in execute
    res = self._query(mogrified_query)
  File "C:\wholesaler project\final_smart_medicvista_erp\pharmamgmt\venv\Lib\site-packages\MySQLdb\cursors.py", line 330, in _query
    db.query(q)
    ~~~~~~~~^^^
  File "C:\wholesaler project\final_smart_medicvista_erp\pharmamgmt\venv\Lib\site-packages\MySQLdb\connections.py", line 286, in query
    _mysql.connection.query(self, query)
    ~~~~~~~~~~~~~~~~~~~~~~~^^^^^^^^^^^^^
MySQLdb.DataError: (1406, "Data too long for column 'purchase_calculation_mode' at row 1")

The above exception was the direct cause of the following exception:

Traceback (most recent call last):
  File "C:\wholesaler project\final_smart_medicvista_erp\pharmamgmt\core\combined_invoice_view.py", line 247, in add_invoice_with_products
    purchase.save()
    ~~~~~~~~~~~~~^^
  File "C:\wholesaler project\final_smart_medicvista_erp\pharmamgmt\venv\Lib\site-packages\django\db\models\base.py", line 814, in save
    self.save_base(
    ~~~~~~~~~~~~~~^
        using=using,
        ^^^^^^^^^^^^
    ...<2 lines>...
        update_fields=update_fields,
        ^^^^^^^^^^^^^^^^^^^^^^^^^^^^
    )
    ^
  File "C:\wholesaler project\final_smart_medicvista_erp\pharmamgmt\venv\Lib\site-packages\django\db\models\base.py", line 877, in save_base
    updated = self._save_table(
        raw,
    ...<4 lines>...
        update_fields,
    )
  File "C:\wholesaler project\final_smart_medicvista_erp\pharmamgmt\venv\Lib\site-packages\django\db\models\base.py", line 1020, in _save_table
    results = self._do_insert(
        cls._base_manager, using, fields, returning_fields, raw
    )
  File "C:\wholesaler project\final_smart_medicvista_erp\pharmamgmt\venv\Lib\site-packages\django\db\models\base.py", line 1061, in _do_insert
    return manager._insert(
           ~~~~~~~~~~~~~~~^
        [self],
        ^^^^^^^
    ...<3 lines>...
        raw=raw,
        ^^^^^^^^
    )
    ^
  File "C:\wholesaler project\final_smart_medicvista_erp\pharmamgmt\venv\Lib\site-packages\django\db\models\manager.py", line 87, in manager_method
    return getattr(self.get_queryset(), name)(*args, **kwargs)
           ~~~~~~~~~~~~~~~~~~~~~~~~~~~~~~~~~~^^^^^^^^^^^^^^^^^
  File "C:\wholesaler project\final_smart_medicvista_erp\pharmamgmt\venv\Lib\site-packages\django\db\models\query.py", line 1805, in _insert
    return query.get_compiler(using=using).execute_sql(returning_fields)
           ~~~~~~~~~~~~~~~~~~~~~~~~~~~~~~~~~~~~~~~~~~~^^^^^^^^^^^^^^^^^^
  File "C:\wholesaler project\final_smart_medicvista_erp\pharmamgmt\venv\Lib\site-packages\django\db\models\sql\compiler.py", line 1822, in execute_sql
    cursor.execute(sql, params)
    ~~~~~~~~~~~~~~^^^^^^^^^^^^^
  File "C:\wholesaler project\final_smart_medicvista_erp\pharmamgmt\venv\Lib\site-packages\django\db\backends\utils.py", line 102, in execute
    return super().execute(sql, params)
           ~~~~~~~~~~~~~~~^^^^^^^^^^^^^
  File "C:\wholesaler project\final_smart_medicvista_erp\pharmamgmt\venv\Lib\site-packages\django\db\backends\utils.py", line 67, in execute
    return self._execute_with_wrappers(
           ~~~~~~~~~~~~~~~~~~~~~~~~~~~^
        sql, params, many=False, executor=self._execute
        ^^^^^^^^^^^^^^^^^^^^^^^^^^^^^^^^^^^^^^^^^^^^^^^
    )
    ^
  File "C:\wholesaler project\final_smart_medicvista_erp\pharmamgmt\venv\Lib\site-packages\django\db\backends\utils.py", line 80, in _execute_with_wrappers
    return executor(sql, params, many, context)
  File "C:\wholesaler project\final_smart_medicvista_erp\pharmamgmt\venv\Lib\site-packages\django\db\backends\utils.py", line 84, in _execute
    with self.db.wrap_database_errors:
         ^^^^^^^^^^^^^^^^^^^^^^^^^^^^
  File "C:\wholesaler project\final_smart_medicvista_erp\pharmamgmt\venv\Lib\site-packages\django\db\utils.py", line 91, in __exit__
    raise dj_exc_value.with_traceback(traceback) from exc_value
  File "C:\wholesaler project\final_smart_medicvista_erp\pharmamgmt\venv\Lib\site-packages\django\db\backends\utils.py", line 89, in _execute
    return self.cursor.execute(sql, params)
           ~~~~~~~~~~~~~~~~~~~^^^^^^^^^^^^^
  File "C:\wholesaler project\final_smart_medicvista_erp\pharmamgmt\venv\Lib\site-packages\django\db\backends\mysql\base.py", line 75, in execute
    return self.cursor.execute(query, args)
           ~~~~~~~~~~~~~~~~~~~^^^^^^^^^^^^^
  File "C:\wholesaler project\final_smart_medicvista_erp\pharmamgmt\venv\Lib\site-packages\MySQLdb\cursors.py", line 179, in execute
    res = self._query(mogrified_query)
  File "C:\wholesaler project\final_smart_medicvista_erp\pharmamgmt\venv\Lib\site-packages\MySQLdb\cursors.py", line 330, in _query
    db.query(q)
    ~~~~~~~~^^^
  File "C:\wholesaler project\final_smart_medicvista_erp\pharmamgmt\venv\Lib\site-packages\MySQLdb\connections.py", line 286, in query
    _mysql.connection.query(self, query)
    ~~~~~~~~~~~~~~~~~~~~~~~^^^^^^^^^^^^^
django.db.utils.DataError: (1406, "Data too long for column 'purchase_calculation_mode' at row 1")

The above exception was the direct cause of the following exception:

Traceback (most recent call last):
  File "C:\wholesaler project\final_smart_medicvista_erp\pharmamgmt\core\combined_invoice_view.py", line 275, in add_invoice_with_products
    transaction.savepoint_rollback(sid)
    ~~~~~~~~~~~~~~~~~~~~~~~~~~~~~~^^^^^
  File "C:\wholesaler project\final_smart_medicvista_erp\pharmamgmt\venv\Lib\site-packages\django\db\transaction.py", line 62, in savepoint_rollback
    get_connection(using).savepoint_rollback(sid)
    ~~~~~~~~~~~~~~~~~~~~~~~~~~~~~~~~~~~~~~~~^^^^^
  File "C:\wholesaler project\final_smart_medicvista_erp\pharmamgmt\venv\Lib\site-packages\django\utils\asyncio.py", line 26, in inner
    return func(*args, **kwargs)
  File "C:\wholesaler project\final_smart_medicvista_erp\pharmamgmt\venv\Lib\site-packages\django\db\backends\base\base.py", line 423, in savepoint_rollback
    self._savepoint_rollback(sid)
    ~~~~~~~~~~~~~~~~~~~~~~~~^^^^^
  File "C:\wholesaler project\final_smart_medicvista_erp\pharmamgmt\venv\Lib\site-packages\django\db\backends\base\base.py", line 381, in _savepoint_rollback
    cursor.execute(self.ops.savepoint_rollback_sql(sid))
    ~~~~~~~~~~~~~~^^^^^^^^^^^^^^^^^^^^^^^^^^^^^^^^^^^^^^
  File "C:\wholesaler project\final_smart_medicvista_erp\pharmamgmt\venv\Lib\site-packages\django\db\backends\utils.py", line 102, in execute
    return super().execute(sql, params)
           ~~~~~~~~~~~~~~~^^^^^^^^^^^^^
  File "C:\wholesaler project\final_smart_medicvista_erp\pharmamgmt\venv\Lib\site-packages\django\db\backends\utils.py", line 67, in execute
    return self._execute_with_wrappers(
           ~~~~~~~~~~~~~~~~~~~~~~~~~~~^
        sql, params, many=False, executor=self._execute
        ^^^^^^^^^^^^^^^^^^^^^^^^^^^^^^^^^^^^^^^^^^^^^^^
    )
    ^
  File "C:\wholesaler project\final_smart_medicvista_erp\pharmamgmt\venv\Lib\site-packages\django\db\backends\utils.py", line 80, in _execute_with_wrappers
    return executor(sql, params, many, context)
  File "C:\wholesaler project\final_smart_medicvista_erp\pharmamgmt\venv\Lib\site-packages\django\db\backends\utils.py", line 83, in _execute
    self.db.validate_no_broken_transaction()
    ~~~~~~~~~~~~~~~~~~~~~~~~~~~~~~~~~~~~~~^^
  File "C:\wholesaler project\final_smart_medicvista_erp\pharmamgmt\venv\Lib\site-packages\django\db\backends\base\base.py", line 531, in validate_no_broken_transaction
    raise TransactionManagementError(
    ...<2 lines>...
    ) from self.rollback_exc
django.db.transaction.TransactionManagementError: An error occurred in the current transaction. You can't execute queries until the end of the 'atomic' block.

2026-08-14 18:38:35,097 - core.combined_invoice_view - INFO - POST data received: <QueryDict: {'csrfmiddlewaretoken': ['D382IYa9z5wIc7q1jJECnF2ffLb5ogtjtz2vbKw00yGFZE36Uvu2DrVBZm7QlNnc'], 'invoice_no': ['453'], 'invoice_date': ['2026-08-14'], 'supplierid': ['1'], 'transport_charges': ['0'], 'invoice_total': ['0.94'], 'disc_type_0': ['percentage'], 'products_data': ['[{"productid":"384","batch_no":"13","expiry":"12-2034","mrp":"1","purchase_rate":"1","quantity":"1","free_qty":"0","scheme":"0","discount":"10","cgst":"2.5","sgst":"2.5","calculation_mode":"percentage","rate_a":"0","rate_b":"0","rate_c":"0","from_challan":false,"challan_no":"","challan_date":""}]'], 'is_from_challan': ['false']}>
2026-08-14 18:38:35,119 - core.combined_invoice_view - INFO - Products data received: [{"productid":"384","batch_no":"13","expiry":"12-2034","mrp":"1","purchase_rate":"1","quantity":"1","free_qty":"0","scheme":"0","discount":"10","cgst":"2.5","sgst":"2.5","calculation_mode":"percentage","rate_a":"0","rate_b":"0","rate_c":"0","from_challan":false,"challan_no":"","challan_date":""}]
2026-08-14 18:38:35,120 - core.combined_invoice_view - INFO - Challan flag: false
2026-08-14 18:38:35,125 - core.combined_invoice_view - INFO - Invoice created with ID: 135006
2026-08-14 18:38:35,137 - core.combined_invoice_view - INFO - Challan data received: challan_no=, challan_date=
2026-08-14 18:38:35,137 - core.combined_invoice_view - INFO - Product newp: Base=0.9, CGST=0.02, SGST=0.02, Total=0.94
2026-08-14 18:38:35,242 - core.combined_invoice_view - INFO - PURCHASE CREATED: newp, Batch: 13, Qty: 1.0, Free Qty: 0.0
2026-08-14 18:38:35,255 - core.combined_invoice_view - INFO - Invoice 453 created successfully with 1 products
2026-08-17 10:40:53,734 - core.combined_invoice_view - INFO - POST data received: <QueryDict: {'csrfmiddlewaretoken': ['sE2LElZ7Fm2DPzFxyQBtR0tKD5ONte5eUR3X8aysrh0FeZVF3fSNrNRL84hy9pv5'], 'invoice_no': ['234'], 'invoice_date': ['2026-08-17'], 'supplierid': ['1'], 'transport_charges': ['0'], 'invoice_total': ['0.52'], 'disc_type_0': ['flat'], 'products_data': ['[{"productid":"254","batch_no":"123","expiry":"12-2034","mrp":"1","purchase_rate":"1","quantity":"1","free_qty":"1","scheme":"0","discount":"0.5","cgst":"2.5","sgst":"2.5","calculation_mode":"flat","rate_a":"1","rate_b":"2","rate_c":"3","from_challan":true,"challan_no":"125","challan_date":"17-08-2026"}]'], 'is_from_challan': ['true']}>
2026-08-17 10:40:53,752 - core.combined_invoice_view - INFO - Products data received: [{"productid":"254","batch_no":"123","expiry":"12-2034","mrp":"1","purchase_rate":"1","quantity":"1","free_qty":"1","scheme":"0","discount":"0.5","cgst":"2.5","sgst":"2.5","calculation_mode":"flat","rate_a":"1","rate_b":"2","rate_c":"3","from_challan":true,"challan_no":"125","challan_date":"17-08-2026"}]
2026-08-17 10:40:53,753 - core.combined_invoice_view - INFO - Challan flag: true
2026-08-17 10:40:53,758 - core.combined_invoice_view - INFO - Invoice created with ID: 135007
2026-08-17 10:40:53,763 - core.combined_invoice_view - INFO - Challan data received: challan_no=125, challan_date=17-08-2026
2026-08-17 10:40:53,765 - core.combined_invoice_view - INFO - Product ASITUSS-A SYP 100ML: Base=0.5, CGST=0.01, SGST=0.01, Total=0.52
2026-08-17 10:40:53,856 - core.combined_invoice_view - INFO - PURCHASE CREATED: ASITUSS-A SYP 100ML, Batch: 123, Qty: 1.0, Free Qty: 1.0
2026-08-17 10:40:53,987 - core.combined_invoice_view - INFO - Moved challan entry to SupplierChallanMaster2: ASITUSS-A SYP 100ML - 123
2026-08-17 10:40:53,987 - core.combined_invoice_view - INFO - Total 1 challan entries moved to SupplierChallanMaster2
2026-08-17 10:40:53,988 - core.combined_invoice_view - INFO - Invoice 234 created successfully with 1 products
